------------------------------------------------------------
TimeQuest Timing Analyzer Summary
------------------------------------------------------------

Type  : Slow 1200mV 85C Model Setup 'CLK'
Slack : -3.032
TNS   : -41.024

Type  : Slow 1200mV 85C Model Setup 'clockTimer'
Slack : -0.607
TNS   : -6.241

Type  : Slow 1200mV 85C Model Hold 'clockTimer'
Slack : 0.343
TNS   : 0.000

Type  : Slow 1200mV 85C Model Hold 'CLK'
Slack : 0.552
TNS   : 0.000

Type  : Slow 1200mV 85C Model Minimum Pulse Width 'CLK'
Slack : -3.000
TNS   : -23.000

Type  : Slow 1200mV 85C Model Minimum Pulse Width 'clockTimer'
Slack : -1.000
TNS   : -18.000

Type  : Slow 1200mV 0C Model Setup 'CLK'
Slack : -2.573
TNS   : -34.081

Type  : Slow 1200mV 0C Model Setup 'clockTimer'
Slack : -0.453
TNS   : -4.160

Type  : Slow 1200mV 0C Model Hold 'clockTimer'
Slack : 0.299
TNS   : 0.000

Type  : Slow 1200mV 0C Model Hold 'CLK'
Slack : 0.495
TNS   : 0.000

Type  : Slow 1200mV 0C Model Minimum Pulse Width 'CLK'
Slack : -3.000
TNS   : -23.000

Type  : Slow 1200mV 0C Model Minimum Pulse Width 'clockTimer'
Slack : -1.000
TNS   : -18.000

Type  : Fast 1200mV 0C Model Setup 'CLK'
Slack : -1.289
TNS   : -14.538

Type  : Fast 1200mV 0C Model Setup 'clockTimer'
Slack : 0.117
TNS   : 0.000

Type  : Fast 1200mV 0C Model Hold 'clockTimer'
Slack : 0.179
TNS   : 0.000

Type  : Fast 1200mV 0C Model Hold 'CLK'
Slack : 0.296
TNS   : 0.000

Type  : Fast 1200mV 0C Model Minimum Pulse Width 'CLK'
Slack : -3.000
TNS   : -24.234

Type  : Fast 1200mV 0C Model Minimum Pulse Width 'clockTimer'
Slack : -1.000
TNS   : -18.000

------------------------------------------------------------
