------------------------------------------------------------
TimeQuest Timing Analyzer Summary
------------------------------------------------------------

Type  : Slow 1200mV 85C Model Setup 'clk'
Slack : -3.315
TNS   : -61.843

Type  : Slow 1200mV 85C Model Setup 'temporizacao_clk'
Slack : -0.492
TNS   : -1.112

Type  : Slow 1200mV 85C Model Hold 'temporizacao_clk'
Slack : 0.359
TNS   : 0.000

Type  : Slow 1200mV 85C Model Hold 'clk'
Slack : 0.547
TNS   : 0.000

Type  : Slow 1200mV 85C Model Minimum Pulse Width 'clk'
Slack : -3.000
TNS   : -28.000

Type  : Slow 1200mV 85C Model Minimum Pulse Width 'temporizacao_clk'
Slack : -1.000
TNS   : -3.000

Type  : Slow 1200mV 0C Model Setup 'clk'
Slack : -2.847
TNS   : -51.816

Type  : Slow 1200mV 0C Model Setup 'temporizacao_clk'
Slack : -0.338
TNS   : -0.691

Type  : Slow 1200mV 0C Model Hold 'temporizacao_clk'
Slack : 0.312
TNS   : 0.000

Type  : Slow 1200mV 0C Model Hold 'clk'
Slack : 0.492
TNS   : 0.000

Type  : Slow 1200mV 0C Model Minimum Pulse Width 'clk'
Slack : -3.000
TNS   : -28.000

Type  : Slow 1200mV 0C Model Minimum Pulse Width 'temporizacao_clk'
Slack : -1.000
TNS   : -3.000

Type  : Fast 1200mV 0C Model Setup 'clk'
Slack : -1.426
TNS   : -24.439

Type  : Fast 1200mV 0C Model Setup 'temporizacao_clk'
Slack : 0.180
TNS   : 0.000

Type  : Fast 1200mV 0C Model Hold 'temporizacao_clk'
Slack : 0.186
TNS   : 0.000

Type  : Fast 1200mV 0C Model Hold 'clk'
Slack : 0.293
TNS   : 0.000

Type  : Fast 1200mV 0C Model Minimum Pulse Width 'clk'
Slack : -3.000
TNS   : -29.545

Type  : Fast 1200mV 0C Model Minimum Pulse Width 'temporizacao_clk'
Slack : -1.000
TNS   : -3.000

------------------------------------------------------------
