------------------------------------------------------------
TimeQuest Timing Analyzer Summary
------------------------------------------------------------

Type  : Slow 1200mV 85C Model Setup 'clockSpeed'
Slack : -28.813
TNS   : -299.041

Type  : Slow 1200mV 85C Model Setup 'CLK'
Slack : -4.929
TNS   : -225.435

Type  : Slow 1200mV 85C Model Setup 'debouncer:btnTailDown|result'
Slack : -1.355
TNS   : -4.736

Type  : Slow 1200mV 85C Model Setup 'debouncer:btnReverse|result'
Slack : 0.318
TNS   : 0.000

Type  : Slow 1200mV 85C Model Hold 'CLK'
Slack : -0.180
TNS   : -0.180

Type  : Slow 1200mV 85C Model Hold 'debouncer:btnTailDown|result'
Slack : 0.333
TNS   : 0.000

Type  : Slow 1200mV 85C Model Hold 'clockSpeed'
Slack : 0.362
TNS   : 0.000

Type  : Slow 1200mV 85C Model Hold 'debouncer:btnReverse|result'
Slack : 0.385
TNS   : 0.000

Type  : Slow 1200mV 85C Model Minimum Pulse Width 'CLK'
Slack : -3.000
TNS   : -99.000

Type  : Slow 1200mV 85C Model Minimum Pulse Width 'clockSpeed'
Slack : -1.000
TNS   : -15.000

Type  : Slow 1200mV 85C Model Minimum Pulse Width 'debouncer:btnTailDown|result'
Slack : -1.000
TNS   : -4.000

Type  : Slow 1200mV 85C Model Minimum Pulse Width 'debouncer:btnReverse|result'
Slack : -1.000
TNS   : -1.000

Type  : Slow 1200mV 0C Model Setup 'clockSpeed'
Slack : -25.765
TNS   : -266.874

Type  : Slow 1200mV 0C Model Setup 'CLK'
Slack : -4.267
TNS   : -189.927

Type  : Slow 1200mV 0C Model Setup 'debouncer:btnTailDown|result'
Slack : -1.147
TNS   : -3.937

Type  : Slow 1200mV 0C Model Setup 'debouncer:btnReverse|result'
Slack : 0.398
TNS   : 0.000

Type  : Slow 1200mV 0C Model Hold 'CLK'
Slack : -0.163
TNS   : -0.163

Type  : Slow 1200mV 0C Model Hold 'debouncer:btnTailDown|result'
Slack : 0.311
TNS   : 0.000

Type  : Slow 1200mV 0C Model Hold 'clockSpeed'
Slack : 0.321
TNS   : 0.000

Type  : Slow 1200mV 0C Model Hold 'debouncer:btnReverse|result'
Slack : 0.341
TNS   : 0.000

Type  : Slow 1200mV 0C Model Minimum Pulse Width 'CLK'
Slack : -3.000
TNS   : -99.000

Type  : Slow 1200mV 0C Model Minimum Pulse Width 'clockSpeed'
Slack : -1.000
TNS   : -15.000

Type  : Slow 1200mV 0C Model Minimum Pulse Width 'debouncer:btnTailDown|result'
Slack : -1.000
TNS   : -4.000

Type  : Slow 1200mV 0C Model Minimum Pulse Width 'debouncer:btnReverse|result'
Slack : -1.000
TNS   : -1.000

Type  : Fast 1200mV 0C Model Setup 'clockSpeed'
Slack : -15.604
TNS   : -160.520

Type  : Fast 1200mV 0C Model Setup 'CLK'
Slack : -2.366
TNS   : -88.922

Type  : Fast 1200mV 0C Model Setup 'debouncer:btnTailDown|result'
Slack : -0.386
TNS   : -1.072

Type  : Fast 1200mV 0C Model Setup 'debouncer:btnReverse|result'
Slack : 0.626
TNS   : 0.000

Type  : Fast 1200mV 0C Model Hold 'CLK'
Slack : -0.181
TNS   : -0.246

Type  : Fast 1200mV 0C Model Hold 'debouncer:btnTailDown|result'
Slack : 0.187
TNS   : 0.000

Type  : Fast 1200mV 0C Model Hold 'clockSpeed'
Slack : 0.193
TNS   : 0.000

Type  : Fast 1200mV 0C Model Hold 'debouncer:btnReverse|result'
Slack : 0.208
TNS   : 0.000

Type  : Fast 1200mV 0C Model Minimum Pulse Width 'CLK'
Slack : -3.000
TNS   : -105.030

Type  : Fast 1200mV 0C Model Minimum Pulse Width 'clockSpeed'
Slack : -1.000
TNS   : -15.000

Type  : Fast 1200mV 0C Model Minimum Pulse Width 'debouncer:btnTailDown|result'
Slack : -1.000
TNS   : -4.000

Type  : Fast 1200mV 0C Model Minimum Pulse Width 'debouncer:btnReverse|result'
Slack : -1.000
TNS   : -1.000

------------------------------------------------------------
